Processing 645 drugs with mode=allHuman, depth=2 ...
[1/645] CID000002173 (0): skipped (already done) (0.0s)
[2/645] CID000005206 (1): skipped (already done) (0.0s)
[3/645] CID000003929 (2): skipped (already done) (0.0s)
[4/645] CID000001302 (3): skipped (already done) (0.0s)
[5/645] CID000005267 (4): skipped (already done) (0.0s)
[6/645] CID000004601 (5): skipped (already done) (0.0s)
[7/645] CID000005090 (6): skipped (already done) (0.0s)
[8/645] CID000004946 (7): skipped (already done) (0.0s)
[9/645] CID000005391 (8): skipped (already done) (0.0s)
[10/645] CID000002802 (9): skipped (already done) (0.0s)
[11/645] CID000004212 (10): skipped (already done) (0.0s)
[12/645] CID000000596 (11): skipped (already done) (0.0s)
[13/645] CID000002522 (12): skipped (already done) (0.0s)
[14/645] CID000003405 (13): skipped (already done) (0.0s)
[15/645] CID000003446 (14): skipped (already done) (0.0s)
[16/645] CID000004107 (15): skipped (already done) (0.0s)
[17/645] CID000003161 (16): skipped (already done) (0.0s)
[18/645] CID000003823 (17): skipped (already done) (0.0s)
[19/645] CID000005556 (18): skipped (already done) (0.0s)
[20/645] CID000002156 (19): skipped (already done) (0.0s)
[21/645] CID000002907 (20): skipped (already done) (0.0s)
[22/645] CID000004192 (21): skipped (already done) (0.0s)
[23/645] CID000000838 (22): skipped (already done) (0.0s)
[24/645] CID000001986 (23): skipped (already done) (0.0s)
[25/645] CID000004920 (24): skipped (already done) (0.0s)
[26/645] CID000005478 (25): skipped (already done) (0.0s)
[27/645] CID000003937 (26): skipped (already done) (0.0s)
[28/645] CID000004158 (27): skipped (already done) (0.0s)
[29/645] CID000003696 (28): skipped (already done) (0.0s)
[30/645] CID000003899 (29): skipped (already done) (0.0s)
[31/645] CID000000853 (30): skipped (already done) (0.0s)
[32/645] CID000003826 (31): skipped (already done) (0.0s)
[33/645] CID000003143 (32): skipped (already done) (0.0s)
[34/645] CID000004736 (33): skipped (already done) (0.0s)
[35/645] CID000005005 (34): skipped (already done) (0.0s)
[36/645] CID000003261 (35): skipped (already done) (0.0s)
[37/645] CID000002162 (36): skipped (already done) (0.0s)
[38/645] CID000004259 (37): skipped (already done) (0.0s)
[39/645] CID000003957 (38): skipped (already done) (0.0s)
[40/645] CID000004595 (39): skipped (already done) (0.0s)
[41/645] CID000002666 (40): skipped (already done) (0.0s)
[42/645] CID000003007 (41): skipped (already done) (0.0s)
[43/645] CID000003559 (42): skipped (already done) (0.0s)
[44/645] CID000004909 (43): skipped (already done) (0.0s)
[45/645] CID000002520 (44): skipped (already done) (0.0s)
[46/645] CID000004889 (45): skipped (already done) (0.0s)
[47/645] CID000003958 (46): skipped (already done) (0.0s)
[48/645] CID000005505 (47): skipped (already done) (0.0s)
[49/645] CID000038904 (48): FAILED (code 1): The operation couldn’t be completed. Unable to locate a Java Runtime.
Please visit http://www.java.com for information on installing Java.

 (0.0s)
[50/645] CID000004485 (49): skipped (already done) (0.0s)
[51/645] CID000005245 (50): skipped (already done) (0.0s)
[52/645] CID000039765 (51): skipped (already done) (0.0s)
[53/645] CID000004635 (52): skipped (already done) (0.0s)
[54/645] CID000002554 (53): skipped (already done) (0.0s)
[55/645] CID000002650 (54): skipped (already done) (0.0s)
[56/645] CID000003749 (55): skipped (already done) (0.0s)
[57/645] CID000003440 (56): skipped (already done) (0.0s)
[58/645] CID000002909 (57): FAILED (code 1): The operation couldn’t be completed. Unable to locate a Java Runtime.
Please visit http://www.java.com for information on installing Java.

 (0.0s)
[59/645] CID000003075 (58): skipped (already done) (0.0s)
[60/645] CID000005647 (59): skipped (already done) (0.0s)
[61/645] CID000003386 (60): skipped (already done) (0.0s)
[62/645] CID000000271 (61): FAILED (code 1): The operation couldn’t be completed. Unable to locate a Java Runtime.
Please visit http://www.java.com for information on installing Java.

 (0.0s)
[63/645] CID000003016 (62): skipped (already done) (0.0s)
[64/645] CID000003750 (63): skipped (already done) (0.0s)
[65/645] CID000004173 (64): skipped (already done) (0.0s)
[66/645] CID000004159 (65): skipped (already done) (0.0s)
[67/645] CID000001065 (66): skipped (already done) (0.0s)
[68/645] CID000002576 (67): skipped (already done) (0.0s)
[69/645] CID000002541 (68): skipped (already done) (0.0s)
[70/645] CID000004543 (69): skipped (already done) (0.0s)
[71/645] CID000004917 (70): skipped (already done) (0.0s)
[72/645] CID000003640 (71): skipped (already done) (0.0s)
[73/645] CID000060831 (72): skipped (already done) (0.0s)
[74/645] CID000002022 (73): skipped (already done) (0.0s)
[75/645] CID000000206 (74): FAILED (code 1): The operation couldn’t be completed. Unable to locate a Java Runtime.
Please visit http://www.java.com for information on installing Java.

 (0.0s)
[76/645] CID000003793 (75): skipped (already done) (0.0s)
[77/645] CID000000450 (76): skipped (already done) (0.0s)
[78/645] CID000002756 (77): skipped (already done) (0.0s)
[79/645] CID000003657 (78): skipped (already done) (0.0s)
[80/645] CID000003890 (79): skipped (already done) (0.0s)
[81/645] CID000002088 (80): FAILED (code 1): The operation couldn’t be completed. Unable to locate a Java Runtime.
Please visit http://www.java.com for information on installing Java.

 (0.0s)
[82/645] CID000004034 (81): skipped (already done) (0.0s)
[83/645] CID000002891 (82): FAILED (code 1): The operation couldn’t be completed. Unable to locate a Java Runtime.
Please visit http://www.java.com for information on installing Java.

 (0.0s)
[84/645] CID000002585 (83): skipped (already done) (0.0s)
[85/645] CID000005358 (84): skipped (already done) (0.0s)
[86/645] CID000005234 (85): FAILED (code 1): The operation couldn’t be completed. Unable to locate a Java Runtime.
Please visit http://www.java.com for information on installing Java.

 (0.0s)
[87/645] CID000002578 (86): skipped (already done) (0.0s)
[88/645] CID000005038 (87): skipped (already done) (0.0s)
[89/645] CID000002118 (88): skipped (already done) (0.0s)
[90/645] CID000003715 (89): skipped (already done) (0.0s)
[91/645] CID000004264 (90): skipped (already done) (0.0s)
[92/645] CID000003062 (91): FAILED (code 1): The operation couldn’t be completed. Unable to locate a Java Runtime.
Please visit http://www.java.com for information on installing Java.

 (0.0s)
[93/645] CID000003825 (92): skipped (already done) (0.0s)
[94/645] CID000002487 (93): skipped (already done) (0.0s)
[95/645] CID000000214 (94): skipped (already done) (0.0s)
[96/645] CID000002405 (95): skipped (already done) (0.0s)
[97/645] CID000003648 (96): skipped (already done) (0.0s)
[98/645] CID000000772 (97): skipped (already done) (0.0s)
[99/645] CID000003365 (98): skipped (already done) (0.0s)
[100/645] CID000002609 (99): skipped (already done) (0.0s)
[101/645] CID000002656 (100): skipped (already done) (0.0s)
[102/645] CID000005523 (101): skipped (already done) (0.0s)
[103/645] CID000003661 (102): skipped (already done) (0.0s)
[104/645] CID000003308 (103): skipped (already done) (0.0s)
[105/645] CID000005203 (104): skipped (already done) (0.0s)
[106/645] CID000004201 (105): skipped (already done) (0.0s)
[107/645] CID000003043 (106): skipped (already done) (0.0s)
[108/645] CID000004509 (107): skipped (already done) (0.0s)
[109/645] CID000003222 (108): skipped (already done) (0.0s)
[110/645] CID000005040 (109): FAILED (code 1): The operation couldn’t be completed. Unable to locate a Java Runtime.
Please visit http://www.java.com for information on installing Java.

 (0.0s)
[111/645] CID000003404 (110): skipped (already done) (0.0s)
[112/645] CID000004679 (111): skipped (already done) (0.0s)
[113/645] CID000060147 (112): skipped (already done) (0.0s)
[114/645] CID000005077 (113): skipped (already done) (0.0s)
[115/645] CID000003878 (114): skipped (already done) (0.0s)
[116/645] CID000002244 (115): skipped (already done) (0.0s)
[117/645] CID000003345 (116): skipped (already done) (0.0s)
[118/645] CID000027661 (117): skipped (already done) (0.0s)
[119/645] CID000004054 (118): skipped (already done) (0.0s)
[120/645] CID000003911 (119): FAILED (code 1): The operation couldn’t be completed. Unable to locate a Java Runtime.
Please visit http://www.java.com for information on installing Java.

 (0.0s)
[121/645] CID000003348 (120): skipped (already done) (0.0s)
[122/645] CID000002771 (121): skipped (already done) (0.0s)
[123/645] CID000003279 (122): skipped (already done) (0.0s)
[124/645] CID000004253 (123): skipped (already done) (0.0s)
[125/645] CID000003333 (124): skipped (already done) (0.0s)
[126/645] CID000060795 (125): skipped (already done) (0.0s)
[127/645] CID000000453 (126): skipped (already done) (0.0s)
[128/645] CID000000159 (127): skipped (already done) (0.0s)
[129/645] CID000003419 (128): skipped (already done) (0.0s)
[130/645] CID000005533 (129): skipped (already done) (0.0s)
[131/645] CID000005379 (130): skipped (already done) (0.0s)
[132/645] CID000005039 (131): skipped (already done) (0.0s)
[133/645] CID000003463 (132): skipped (already done) (0.0s)
[134/645] CID000000598 (133): FAILED (code 1): The operation couldn’t be completed. Unable to locate a Java Runtime.
Please visit http://www.java.com for information on installing Java.

 (0.0s)
[135/645] CID000002284 (134): skipped (already done) (0.0s)
[136/645] CID000002662 (135): skipped (already done) (0.0s)
[137/645] CID003085017 (136): FAILED (code 1): The operation couldn’t be completed. Unable to locate a Java Runtime.
Please visit http://www.java.com for information on installing Java.

 (0.0s)
[138/645] CID000004829 (137): skipped (already done) (0.0s)
[139/645] CID000003385 (138): FAILED (code 1): The operation couldn’t be completed. Unable to locate a Java Runtime.
Please visit http://www.java.com for information on installing Java.

 (0.0s)
[140/645] CID000003203 (139): skipped (already done) (0.0s)
[141/645] CID000003954 (140): skipped (already done) (0.0s)
[142/645] CID000002153 (141): FAILED (code 1): The operation couldn’t be completed. Unable to locate a Java Runtime.
Please visit http://www.java.com for information on installing Java.

 (0.0s)
[143/645] CID000005152 (142): skipped (already done) (0.0s)
[144/645] CID000005645 (143): skipped (already done) (0.0s)
[145/645] CID000005717 (144): skipped (already done) (0.0s)
[146/645] CID000002726 (145): skipped (already done) (0.0s)
[147/645] CID000004999 (146): skipped (already done) (0.0s)
[148/645] CID000004547 (147): skipped (already done) (0.0s)
[149/645] CID000002471 (148): skipped (already done) (0.0s)
[150/645] CID000003305 (149): skipped (already done) (0.0s)
[151/645] CID000002806 (150): skipped (already done) (0.0s)
[152/645] CID000002631 (151): skipped (already done) (0.0s)
[153/645] CID000003410 (152): skipped (already done) (0.0s)
[154/645] CID000003449 (153): skipped (already done) (0.0s)
[155/645] CID000002083 (154): skipped (already done) (0.0s)
[156/645] CID000001690 (155): skipped (already done) (0.0s)
[157/645] CID000002617 (156): skipped (already done) (0.0s)
[158/645] CID000005731 (157): skipped (already done) (0.0s)
[159/645] CID000004046 (158): skipped (already done) (0.0s)
[160/645] CID000001972 (159): FAILED (code 1): The operation couldn’t be completed. Unable to locate a Java Runtime.
Please visit http://www.java.com for information on installing Java.

 (0.0s)
[161/645] CID000004900 (160): skipped (already done) (0.0s)
[162/645] CID000003152 (161): skipped (already done) (0.0s)
[163/645] CID000000444 (162): skipped (already done) (0.0s)
[164/645] CID000005726 (163): skipped (already done) (0.0s)
[165/645] CID000004585 (164): skipped (already done) (0.0s)
[166/645] CID000005078 (165): skipped (already done) (0.0s)
[167/645] CID000041693 (166): skipped (already done) (0.0s)
[168/645] CID000005372 (167): FAILED (code 1): The operation couldn’t be completed. Unable to locate a Java Runtime.
Please visit http://www.java.com for information on installing Java.

 (0.0s)
[169/645] CID000003961 (168): skipped (already done) (0.0s)
[170/645] CID000004691 (169): skipped (already done) (0.0s)
[171/645] CID000004594 (170): skipped (already done) (0.0s)
[172/645] CID000004927 (171): skipped (already done) (0.0s)
[173/645] CID000004091 (172): FAILED (code 1): The operation couldn’t be completed. Unable to locate a Java Runtime.
Please visit http://www.java.com for information on installing Java.

 (0.0s)
[174/645] CID000001117 (173): FAILED (code 1): The operation couldn’t be completed. Unable to locate a Java Runtime.
Please visit http://www.java.com for information on installing Java.

 (0.0s)
[175/645] CID000005076 (174): skipped (already done) (0.0s)
[176/645] CID000003355 (175): skipped (already done) (0.0s)
[177/645] CID000004112 (176): skipped (already done) (0.0s)
[178/645] CID000005412 (177): skipped (already done) (0.0s)
[179/645] CID000003108 (178): skipped (already done) (0.0s)
[180/645] CID000002250 (179): skipped (already done) (0.0s)
[181/645] CID000002265 (180): skipped (already done) (0.0s)
[182/645] CID000002801 (181): skipped (already done) (0.0s)
[183/645] CID000059708 (182): skipped (already done) (0.0s)
[184/645] CID000003877 (183): skipped (already done) (0.0s)
[185/645] CID000002749 (184): skipped (already done) (0.0s)
[186/645] CID000002720 (185): skipped (already done) (0.0s)
[187/645] CID000003639 (186): skipped (already done) (0.0s)
[188/645] CID000004634 (187): skipped (already done) (0.0s)
[189/645] CID000002764 (188): skipped (already done) (0.0s)
[190/645] CID000000942 (189): skipped (already done) (0.0s)
[191/645] CID000004211 (190): skipped (already done) (0.0s)
[192/645] CID000004170 (191): skipped (already done) (0.0s)
[193/645] CID000003746 (192): skipped (already done) (0.0s)
[194/645] CID000003042 (193): skipped (already done) (0.0s)
[195/645] CID000001206 (194): skipped (already done) (0.0s)
[196/645] CID000004609 (195): FAILED (code 1): The operation couldn’t be completed. Unable to locate a Java Runtime.
Please visit http://www.java.com for information on installing Java.

 (0.0s)
[197/645] CID000004411 (196): skipped (already done) (0.0s)
[198/645] CID000004138 (197): skipped (already done) (0.0s)
[199/645] CID000005212 (198): skipped (already done) (0.0s)
[200/645] CID000002311 (199): FAILED (code 1): The operation couldn’t be completed. Unable to locate a Java Runtime.
Please visit http://www.java.com for information on installing Java.

 (0.0s)
[201/645] CID000003148 (200): skipped (already done) (0.0s)
[202/645] CID000083786 (201): skipped (already done) (0.0s)
[203/645] CID000001775 (202): skipped (already done) (0.0s)
[204/645] CID000003767 (203): skipped (already done) (0.0s)
[205/645] CID000002658 (204): skipped (already done) (0.0s)
[206/645] CID000054454 (205): skipped (already done) (0.0s)
[207/645] CID000000861 (206): skipped (already done) (0.0s)
[208/645] CID000003255 (207): FAILED (code 1): The operation couldn’t be completed. Unable to locate a Java Runtime.
Please visit http://www.java.com for information on installing Java.

 (0.0s)
[209/645] CID000005512 (208): skipped (already done) (0.0s)
[210/645] CID000003672 (209): skipped (already done) (0.0s)
[211/645] CID000002550 (210): skipped (already done) (0.0s)
[212/645] CID000003032 (211): skipped (already done) (0.0s)
[213/645] CID000002187 (212): skipped (already done) (0.0s)
[214/645] CID000002267 (213): skipped (already done) (0.0s)
[215/645] CID000005514 (214): skipped (already done) (0.0s)
[216/645] CID000001546 (215): skipped (already done) (0.0s)
[217/645] CID000041781 (216): skipped (already done) (0.0s)
[218/645] CID000002249 (217): skipped (already done) (0.0s)
[219/645] CID000004599 (218): FAILED (code 1): The operation couldn’t be completed. Unable to locate a Java Runtime.
Please visit http://www.java.com for information on installing Java.

 (0.0s)
[220/645] CID000003488 (219): skipped (already done) (0.0s)
[221/645] CID000002951 (220): skipped (already done) (0.0s)
[222/645] CID000004740 (221): skipped (already done) (0.0s)
[223/645] CID000002092 (222): skipped (already done) (0.0s)
[224/645] CID000005253 (223): skipped (already done) (0.0s)
[225/645] CID000003249 (224): skipped (already done) (0.0s)
[226/645] CID000003690 (225): skipped (already done) (0.0s)
[227/645] CID000003883 (226): skipped (already done) (0.0s)
[228/645] CID000004510 (227): FAILED (code 1): The operation couldn’t be completed. Unable to locate a Java Runtime.
Please visit http://www.java.com for information on installing Java.

 (0.0s)
[229/645] CID000002678 (228): FAILED (code 1): The operation couldn’t be completed. Unable to locate a Java Runtime.
Please visit http://www.java.com for information on installing Java.

 (0.0s)
[230/645] CID000002818 (229): skipped (already done) (0.0s)
[231/645] CID000065999 (230): skipped (already done) (0.0s)
[232/645] CID000002462 (231): skipped (already done) (0.0s)
[233/645] CID000002895 (232): skipped (already done) (0.0s)
[234/645] CID000008953 (233): FAILED (code 1): The operation couldn’t be completed. Unable to locate a Java Runtime.
Please visit http://www.java.com for information on installing Java.

 (0.0s)
[235/645] CID000002435 (234): skipped (already done) (0.0s)
[236/645] CID000003325 (235): skipped (already done) (0.0s)
[237/645] CID000003003 (236): skipped (already done) (0.0s)
[238/645] CID000003379 (237): skipped (already done) (0.0s)
[239/645] CID000002812 (238): skipped (already done) (0.0s)
[240/645] CID000003516 (239): skipped (already done) (0.0s)
[241/645] CID000002524 (240): skipped (already done) (0.0s)
[242/645] CID000003706 (241): FAILED (code 1): The operation couldn’t be completed. Unable to locate a Java Runtime.
Please visit http://www.java.com for information on installing Java.

 (0.0s)
[243/645] CID000060865 (242): skipped (already done) (0.0s)
[244/645] CID000003478 (243): skipped (already done) (0.0s)
[245/645] CID000003367 (244): skipped (already done) (0.0s)
[246/645] CID000005656 (245): skipped (already done) (0.0s)
[247/645] CID000002803 (246): skipped (already done) (0.0s)
[248/645] CID000005401 (247): skipped (already done) (0.0s)
[249/645] CID000062924 (248): skipped (already done) (0.0s)
[250/645] CID000004943 (249): skipped (already done) (0.0s)
[251/645] CID000000581 (250): skipped (already done) (0.0s)
[252/645] CID000004052 (251): skipped (already done) (0.0s)
[253/645] CID000068844 (252): skipped (already done) (0.0s)
[254/645] CID000005732 (253): skipped (already done) (0.0s)
[255/645] CID000004409 (254): skipped (already done) (0.0s)
[256/645] CID000004812 (255): skipped (already done) (0.0s)
[257/645] CID000003310 (256): skipped (already done) (0.0s)
[258/645] CID000005073 (257): skipped (already done) (0.0s)
[259/645] CID000003510 (258): skipped (already done) (0.0s)
[260/645] CID000125889 (259): skipped (already done) (0.0s)
[261/645] CID000003350 (260): skipped (already done) (0.0s)
[262/645] CID000003962 (261): skipped (already done) (0.0s)
[263/645] CID000004885 (262): skipped (already done) (0.0s)
[264/645] CID000003658 (263): skipped (already done) (0.0s)
[265/645] CID000004189 (264): skipped (already done) (0.0s)
[266/645] CID000005291 (265): skipped (already done) (0.0s)
[267/645] CID000002978 (266): skipped (already done) (0.0s)
[268/645] CID000003339 (267): skipped (already done) (0.0s)
[269/645] CID000002476 (268): skipped (already done) (0.0s)
[270/645] CID000003652 (269): skipped (already done) (0.0s)
[271/645] CID000072054 (270): skipped (already done) (0.0s)
[272/645] CID000002308 (271): skipped (already done) (0.0s)
[273/645] CID000000143 (272): skipped (already done) (0.0s)
[274/645] CID000002786 (273): skipped (already done) (0.0s)
[275/645] CID000003676 (274): skipped (already done) (0.0s)
[276/645] CID000001071 (275): skipped (already done) (0.0s)
[277/645] CID000004513 (276): skipped (already done) (0.0s)
[278/645] CID000016231 (277): skipped (already done) (0.0s)
[279/645] CID000004894 (278): skipped (already done) (0.0s)
[280/645] CID000003393 (279): skipped (already done) (0.0s)
[281/645] CID000005735 (280): skipped (already done) (0.0s)
[282/645] CID000003154 (281): skipped (already done) (0.0s)
[283/645] CID000000191 (282): skipped (already done) (0.0s)
[284/645] CID000002477 (283): skipped (already done) (0.0s)
[285/645] CID000006691 (284): skipped (already done) (0.0s)
[286/645] CID000000937 (285): skipped (already done) (0.0s)
[287/645] CID000004723 (286): skipped (already done) (0.0s)
[288/645] CID000002955 (287): skipped (already done) (0.0s)
[289/645] CID000002160 (288): skipped (already done) (0.0s)
[290/645] CID000003008 (289): skipped (already done) (0.0s)
[291/645] CID000003158 (290): skipped (already done) (0.0s)
[292/645] CID000003157 (291): skipped (already done) (0.0s)
[293/645] CID000003324 (292): skipped (already done) (0.0s)
[294/645] CID000004171 (293): skipped (already done) (0.0s)
[295/645] CID000004583 (294): skipped (already done) (0.0s)
[296/645] CID000005538 (295): skipped (already done) (0.0s)
[297/645] CID000003168 (296): skipped (already done) (0.0s)
[298/645] CID000003476 (297): skipped (already done) (0.0s)
[299/645] CID000004536 (298): skipped (already done) (0.0s)
[300/645] CID000002474 (299): skipped (already done) (0.0s)
[301/645] CID000002171 (300): skipped (already done) (0.0s)
[302/645] CID000004200 (301): skipped (already done) (0.0s)
[303/645] CID000003736 (302): skipped (already done) (0.0s)
[304/645] CID000005487 (303): skipped (already done) (0.0s)
[305/645] CID000000815 (304): skipped (already done) (0.0s)
[306/645] CID000005544 (305): skipped (already done) (0.0s)
[307/645] CID000005496 (306): skipped (already done) (0.0s)
[308/645] CID000005672 (307): FAILED (code 1): The operation couldn’t be completed. Unable to locate a Java Runtime.
Please visit http://www.java.com for information on installing Java.

 (0.0s)
[309/645] CID000003403 (308): skipped (already done) (0.0s)
[310/645] CID000004236 (309): skipped (already done) (0.0s)
[311/645] CID000004614 (310): skipped (already done) (0.0s)
[312/645] CID000004168 (311): skipped (already done) (0.0s)
[313/645] CID000003902 (312): FAILED (code 1): The operation couldn’t be completed. Unable to locate a Java Runtime.
Please visit http://www.java.com for information on installing Java.

 (0.0s)
[314/645] CID000003780 (313): FAILED (code 1): The operation couldn’t be completed. Unable to locate a Java Runtime.
Please visit http://www.java.com for information on installing Java.

 (0.0s)
[315/645] CID000005402 (314): skipped (already done) (0.0s)
[316/645] CID000005002 (315): skipped (already done) (0.0s)
[317/645] CID000004463 (316): skipped (already done) (0.0s)
[318/645] CID000001971 (317): skipped (already done) (0.0s)
[319/645] CID000005426 (318): skipped (already done) (0.0s)
[320/645] CID000154059 (319): skipped (already done) (0.0s)
[321/645] CID000004873 (320): FAILED (code 1): The operation couldn’t be completed. Unable to locate a Java Runtime.
Please visit http://www.java.com for information on installing Java.

 (0.0s)
[322/645] CID000002269 (321): FAILED (code 1): The operation couldn’t be completed. Unable to locate a Java Runtime.
Please visit http://www.java.com for information on installing Java.

 (0.0s)
[323/645] CID000005064 (322): skipped (already done) (0.0s)
[324/645] CID000004419 (323): skipped (already done) (0.0s)
[325/645] CID000004666 (324): FAILED (code 1): The operation couldn’t be completed. Unable to locate a Java Runtime.
Please visit http://www.java.com for information on installing Java.

 (0.0s)
[326/645] CID000003642 (325): skipped (already done) (0.0s)
[327/645] CID000001046 (326): FAILED (code 1): The operation couldn’t be completed. Unable to locate a Java Runtime.
Please visit http://www.java.com for information on installing Java.

 (0.0s)
[328/645] CID000054374 (327): FAILED (code 1): The operation couldn’t be completed. Unable to locate a Java Runtime.
Please visit http://www.java.com for information on installing Java.

 (0.0s)
[329/645] CID000001983 (328): skipped (already done) (0.0s)
[330/645] CID000002676 (329): skipped (already done) (0.0s)
[331/645] CID000003198 (330): skipped (already done) (0.0s)
[332/645] CID000003928 (331): skipped (already done) (0.0s)
[333/645] CID000068740 (332): FAILED (code 1): The operation couldn’t be completed. Unable to locate a Java Runtime.
Please visit http://www.java.com for information on installing Java.

 (0.0s)
[334/645] CID000005651 (333): FAILED (code 1): The operation couldn’t be completed. Unable to locate a Java Runtime.
Please visit http://www.java.com for information on installing Java.

 (0.0s)
[335/645] CID000002142 (334): skipped (already done) (0.0s)
[336/645] CID000004603 (335): skipped (already done) (0.0s)
[337/645] CID000130881 (336): skipped (already done) (0.0s)
[338/645] CID000003121 (337): skipped (already done) (0.0s)
[339/645] CID000004428 (338): skipped (already done) (0.0s)
[340/645] CID000060852 (339): skipped (already done) (0.0s)
[341/645] CID000002949 (340): skipped (already done) (0.0s)
[342/645] CID000001978 (341): skipped (already done) (0.0s)
[343/645] CID000000158 (342): skipped (already done) (0.0s)
[344/645] CID000003869 (343): skipped (already done) (0.0s)
[345/645] CID000034312 (344): skipped (already done) (0.0s)
[346/645] CID000000564 (345): FAILED (code 1): The operation couldn’t be completed. Unable to locate a Java Runtime.
Please visit http://www.java.com for information on installing Java.

 (0.0s)
[347/645] CID000156419 (346): skipped (already done) (0.0s)
[348/645] CID000027686 (347): skipped (already done) (0.0s)
[349/645] CID000002713 (348): skipped (already done) (0.0s)
[350/645] CID000000085 (349): skipped (already done) (0.0s)
[351/645] CID000077993 (350): skipped (already done) (0.0s)
[352/645] CID000003702 (351): skipped (already done) (0.0s)
[353/645] CID000005184 (352): skipped (already done) (0.0s)
[354/645] CID000005466 (353): skipped (already done) (0.0s)
[355/645] CID000004178 (354): skipped (already done) (0.0s)
[356/645] CID000002375 (355): skipped (already done) (0.0s)
[357/645] CID000003117 (356): skipped (already done) (0.0s)
[358/645] CID000005596 (357): skipped (already done) (0.0s)
[359/645] CID000003763 (358): skipped (already done) (0.0s)
[360/645] CID000060835 (359): skipped (already done) (0.0s)
[361/645] CID000002646 (360): skipped (already done) (0.0s)
[362/645] CID000004499 (361): skipped (already done) (0.0s)
[363/645] CID000002512 (362): skipped (already done) (0.0s)
[364/645] CID000003114 (363): skipped (already done) (0.0s)
[365/645] CID000005650 (364): skipped (already done) (0.0s)
[366/645] CID000003414 (365): FAILED (code 1): The operation couldn’t be completed. Unable to locate a Java Runtime.
Please visit http://www.java.com for information on installing Java.

 (0.0s)
[367/645] CID000002099 (366): skipped (already done) (0.0s)
[368/645] CID000003454 (367): skipped (already done) (0.0s)
[369/645] CID000003675 (368): skipped (already done) (0.0s)
[370/645] CID000004058 (369): skipped (already done) (0.0s)
[371/645] CID000004539 (370): skipped (already done) (0.0s)
[372/645] CID000110635 (371): skipped (already done) (0.0s)
[373/645] CID000004075 (372): skipped (already done) (0.0s)
[374/645] CID000004991 (373): FAILED (code 1): The operation couldn’t be completed. Unable to locate a Java Runtime.
Please visit http://www.java.com for information on installing Java.

 (0.0s)
[375/645] CID000004044 (374): skipped (already done) (0.0s)
[376/645] CID000002995 (375): skipped (already done) (0.0s)
[377/645] CID000060184 (376): skipped (already done) (0.0s)
[378/645] CID000004674 (377): FAILED (code 1): The operation couldn’t be completed. Unable to locate a Java Runtime.
Please visit http://www.java.com for information on installing Java.

 (0.0s)
[379/645] CID000004205 (378): skipped (already done) (0.0s)
[380/645] CID000005095 (379): skipped (already done) (0.0s)
[381/645] CID000104865 (380): skipped (already done) (0.0s)
[382/645] CID000002141 (381): skipped (already done) (0.0s)
[383/645] CID000004771 (382): skipped (already done) (0.0s)
[384/645] CID000060877 (383): skipped (already done) (0.0s)
[385/645] CID000002130 (384): skipped (already done) (0.0s)
[386/645] CID000152945 (385): skipped (already done) (0.0s)
[387/645] CID000071329 (386): skipped (already done) (0.0s)
[388/645] CID000060843 (387): skipped (already done) (0.0s)
[389/645] CID000002519 (388): skipped (already done) (0.0s)
[390/645] CID000005029 (389): skipped (already done) (0.0s)
[391/645] CID000005408 (390): skipped (already done) (0.0s)
[392/645] CID000005978 (391): FAILED (code 1): The operation couldn’t be completed. Unable to locate a Java Runtime.
Please visit http://www.java.com for information on installing Java.

 (0.0s)
[393/645] CID000150311 (392): skipped (already done) (0.0s)
[394/645] CID000003040 (393): skipped (already done) (0.0s)
[395/645] CID000064147 (394): skipped (already done) (0.0s)
[396/645] CID000005381 (395): skipped (already done) (0.0s)
[397/645] CID000004064 (396): skipped (already done) (0.0s)
[398/645] CID000002712 (397): skipped (already done) (0.0s)
[399/645] CID000024486 (398): FAILED (code 1): The operation couldn’t be completed. Unable to locate a Java Runtime.
Please visit http://www.java.com for information on installing Java.

 (0.0s)
[400/645] CID000060164 (399): skipped (already done) (0.0s)
[401/645] CID000002478 (400): skipped (already done) (0.0s)
[402/645] CID000003278 (401): FAILED (code 1): The operation couldn’t be completed. Unable to locate a Java Runtime.
Please visit http://www.java.com for information on installing Java.

 (0.0s)
[403/645] CID000003373 (402): skipped (already done) (0.0s)
[404/645] CID000002622 (403): skipped (already done) (0.0s)
[405/645] CID000004856 (404): skipped (already done) (0.0s)
[406/645] CID000032797 (405): skipped (already done) (0.0s)
[407/645] CID000002610 (406): skipped (already done) (0.0s)
[408/645] CID000004819 (407): skipped (already done) (0.0s)
[409/645] CID000005453 (408): skipped (already done) (0.0s)
[410/645] CID000003914 (409): skipped (already done) (0.0s)
[411/645] CID000003784 (410): skipped (already done) (0.0s)
[412/645] CID000014888 (411): FAILED (code 1): The operation couldn’t be completed. Unable to locate a Java Runtime.
Please visit http://www.java.com for information on installing Java.

 (0.0s)
[413/645] CID000002708 (412): skipped (already done) (0.0s)
[414/645] CID000170361 (413): skipped (already done) (0.0s)
[415/645] CID000005734 (414): skipped (already done) (0.0s)
[416/645] CID000004911 (415): skipped (already done) (0.0s)
[417/645] CID000004449 (416): skipped (already done) (0.0s)
[418/645] CID000003066 (417): skipped (already done) (0.0s)
[419/645] CID000087177 (418): FAILED (code 1): The operation couldn’t be completed. Unable to locate a Java Runtime.
Please visit http://www.java.com for information on installing Java.

 (0.0s)
[420/645] CID000000119 (419): FAILED (code 1): The operation couldn’t be completed. Unable to locate a Java Runtime.
Please visit http://www.java.com for information on installing Java.

 (0.0s)
[421/645] CID000054688 (420): FAILED (code 1): The operation couldn’t be completed. Unable to locate a Java Runtime.
Please visit http://www.java.com for information on installing Java.

 (0.0s)
[422/645] CID000005376 (421): skipped (already done) (0.0s)
[423/645] CID000004053 (422): skipped (already done) (0.0s)
[424/645] CID000003964 (423): skipped (already done) (0.0s)
[425/645] CID000004425 (424): skipped (already done) (0.0s)
[426/645] CID000002274 (425): skipped (already done) (0.0s)
[427/645] CID000004616 (426): skipped (already done) (0.0s)
[428/645] CID000005525 (427): skipped (already done) (0.0s)
[429/645] CID000005155 (428): skipped (already done) (0.0s)
[430/645] CID000004675 (429): skipped (already done) (0.0s)
[431/645] CID000010631 (430): skipped (already done) (0.0s)
[432/645] CID000004845 (431): skipped (already done) (0.0s)
[433/645] CID000003734 (432): skipped (already done) (0.0s)
[434/645] CID000002973 (433): skipped (already done) (0.0s)
[435/645] CID000003461 (434): skipped (already done) (0.0s)
[436/645] CID000005297 (435): skipped (already done) (0.0s)
[437/645] CID000123620 (436): skipped (already done) (0.0s)
[438/645] CID000054808 (437): FAILED (code 1): The operation couldn’t be completed. Unable to locate a Java Runtime.
Please visit http://www.java.com for information on installing Java.

 (0.0s)
[439/645] CID000013342 (438): FAILED (code 1): The operation couldn’t be completed. Unable to locate a Java Runtime.
Please visit http://www.java.com for information on installing Java.

 (0.0s)
[440/645] CID000002732 (439): skipped (already done) (0.0s)
[441/645] CID000003827 (440): skipped (already done) (0.0s)
[442/645] CID000148192 (441): skipped (already done) (0.0s)
[443/645] CID000003372 (442): skipped (already done) (0.0s)
[444/645] CID000048175 (443): skipped (already done) (0.0s)
[445/645] CID000004748 (444): skipped (already done) (0.0s)
[446/645] CID000002637 (445): skipped (already done) (0.0s)
[447/645] CID000054841 (446): skipped (already done) (0.0s)
[448/645] CID000060953 (447): skipped (already done) (0.0s)
[449/645] CID000047320 (448): FAILED (code 1): The operation couldn’t be completed. Unable to locate a Java Runtime.
Please visit http://www.java.com for information on installing Java.

 (0.0s)
[450/645] CID000003394 (449): skipped (already done) (0.0s)
[451/645] CID000002177 (450): skipped (already done) (0.0s)
[452/645] CID000005035 (451): skipped (already done) (0.0s)
[453/645] CID000003467 (452): skipped (already done) (0.0s)
[454/645] CID000002019 (453): FAILED (code 1): The operation couldn’t be completed. Unable to locate a Java Runtime.
Please visit http://www.java.com for information on installing Java.

 (0.0s)
[455/645] CID000005472 (454): skipped (already done) (0.0s)
[456/645] CID000002733 (455): skipped (already done) (0.0s)
[457/645] CID000004730 (456): skipped (already done) (0.0s)
[458/645] CID000056959 (457): skipped (already done) (0.0s)
[459/645] CID000004828 (458): skipped (already done) (0.0s)
[460/645] CID000005195 (459): skipped (already done) (0.0s)
[461/645] CID000003821 (460): skipped (already done) (0.0s)
[462/645] CID000036339 (461): skipped (already done) (0.0s)
[463/645] CID004659568 (462): skipped (already done) (0.0s)
[464/645] CID005282226 (463): skipped (already done) (0.0s)
[465/645] CID000005394 (464): FAILED (code 1): The operation couldn’t be completed. Unable to locate a Java Runtime.
Please visit http://www.java.com for information on installing Java.

 (0.0s)
[466/645] CID000005719 (465): skipped (already done) (0.0s)
[467/645] CID000003494 (466): skipped (already done) (0.0s)
[468/645] CID000004607 (467): skipped (already done) (0.0s)
[469/645] CID000160051 (468): FAILED (code 1): The operation couldn’t be completed. Unable to locate a Java Runtime.
Please visit http://www.java.com for information on installing Java.

 (0.0s)
[470/645] CID000074989 (469): skipped (already done) (0.0s)
[471/645] CID000148211 (470): skipped (already done) (0.0s)
[472/645] CID000005578 (471): skipped (already done) (0.0s)
[473/645] CID000071616 (472): skipped (already done) (0.0s)
[474/645] CID000005572 (473): skipped (already done) (0.0s)
[475/645] CID000027991 (474): FAILED (code 1): The operation couldn’t be completed. Unable to locate a Java Runtime.
Please visit http://www.java.com for information on installing Java.

 (0.0s)
[476/645] CID000003059 (475): skipped (already done) (0.0s)
[477/645] CID000005215 (476): skipped (already done) (0.0s)
[478/645] CID000077999 (477): skipped (already done) (0.0s)
[479/645] CID000124087 (478): skipped (already done) (0.0s)
[480/645] CID000002283 (479): FAILED (code 1): The operation couldn’t be completed. Unable to locate a Java Runtime.
Please visit http://www.java.com for information on installing Java.

 (0.0s)
[481/645] CID000122316 (480): skipped (already done) (0.0s)
[482/645] CID003468412 (481): FAILED (code 1): The operation couldn’t be completed. Unable to locate a Java Runtime.
Please visit http://www.java.com for information on installing Java.

 (0.0s)
[483/645] CID000004473 (482): skipped (already done) (0.0s)
[484/645] CID000047725 (483): FAILED (code 1): The operation couldn’t be completed. Unable to locate a Java Runtime.
Please visit http://www.java.com for information on installing Java.

 (0.0s)
[485/645] CID000028112 (484): FAILED (code 1): The operation couldn’t be completed. Unable to locate a Java Runtime.
Please visit http://www.java.com for information on installing Java.

 (0.0s)
[486/645] CID000004440 (485): skipped (already done) (0.0s)
[487/645] CID000003741 (486): skipped (already done) (0.0s)
[488/645] CID000004095 (487): skipped (already done) (0.0s)
[489/645] CID000004497 (488): skipped (already done) (0.0s)
[490/645] CID000125017 (489): skipped (already done) (0.0s)
[491/645] CID000004451 (490): skipped (already done) (0.0s)
[492/645] CID000024011 (491): FAILED (code 1): The operation couldn’t be completed. Unable to locate a Java Runtime.
Please visit http://www.java.com for information on installing Java.

 (0.0s)
[493/645] CID000004542 (492): skipped (already done) (0.0s)
[494/645] CID000003382 (493): skipped (already done) (0.0s)
[495/645] CID000019090 (494): skipped (already done) (0.0s)
[496/645] CID004475485 (495): skipped (already done) (0.0s)
[497/645] CID000060854 (496): skipped (already done) (0.0s)
[498/645] CID000667490 (497): FAILED (code 1): The operation couldn’t be completed. Unable to locate a Java Runtime.
Please visit http://www.java.com for information on installing Java.

 (0.0s)
[499/645] CID000012536 (498): skipped (already done) (0.0s)
[500/645] CID000060754 (499): FAILED (code 1): The operation couldn’t be completed. Unable to locate a Java Runtime.
Please visit http://www.java.com for information on installing Java.

 (0.0s)
[501/645] CID000005584 (500): skipped (already done) (0.0s)
[502/645] CID000119182 (501): skipped (already done) (0.0s)
[503/645] CID003081884 (502): FAILED (code 1): The operation couldn’t be completed. Unable to locate a Java Runtime.
Please visit http://www.java.com for information on installing Java.

 (0.0s)
[504/645] CID000004195 (503): skipped (already done) (0.0s)
[505/645] CID000002800 (504): skipped (already done) (0.0s)
[506/645] CID000000298 (505): skipped (already done) (0.0s)
[507/645] CID000197712 (506): skipped (already done) (0.0s)
[508/645] CID000004506 (507): skipped (already done) (0.0s)
[509/645] CID000003724 (508): FAILED (code 1): The operation couldn’t be completed. Unable to locate a Java Runtime.
Please visit http://www.java.com for information on installing Java.

 (0.0s)
[510/645] CID000072467 (509): skipped (already done) (0.0s)
[511/645] CID000119607 (510): FAILED (code 1): The operation couldn’t be completed. Unable to locate a Java Runtime.
Please visit http://www.java.com for information on installing Java.

 (0.0s)
[512/645] CID000041317 (511): skipped (already done) (0.0s)
[513/645] CID000009052 (512): skipped (already done) (0.0s)
[514/645] CID000004745 (513): skipped (already done) (0.0s)
[515/645] CID000004834 (514): skipped (already done) (0.0s)
[516/645] CID000002369 (515): skipped (already done) (0.0s)
[517/645] CID000060696 (516): skipped (already done) (0.0s)
[518/645] CID003002190 (517): FAILED (code 1): The operation couldn’t be completed. Unable to locate a Java Runtime.
Please visit http://www.java.com for information on installing Java.

 (0.0s)
[519/645] CID000005210 (518): skipped (already done) (0.0s)
[520/645] CID000005878 (519): skipped (already done) (0.0s)
[521/645] CID000005352 (520): skipped (already done) (0.0s)
[522/645] CID000009433 (521): FAILED (code 1): The operation couldn’t be completed. Unable to locate a Java Runtime.
Please visit http://www.java.com for information on installing Java.

 (0.0s)
[523/645] CID000002215 (522): skipped (already done) (0.0s)
[524/645] CID000003291 (523): skipped (already done) (0.0s)
[525/645] CID000060815 (524): skipped (already done) (0.0s)
[526/645] CID000004932 (525): skipped (already done) (0.0s)
[527/645] CID000002675 (526): skipped (already done) (0.0s)
[528/645] CID000004993 (527): skipped (already done) (0.0s)
[529/645] CID000005771 (528): FAILED (code 1): The operation couldn’t be completed. Unable to locate a Java Runtime.
Please visit http://www.java.com for information on installing Java.

 (0.0s)
[530/645] CID000153941 (529): skipped (already done) (0.0s)
[531/645] CID000003397 (530): skipped (already done) (0.0s)
[532/645] CID005311297 (531): skipped (already done) (0.0s)
[533/645] CID000093860 (532): FAILED (code 1): The operation couldn’t be completed. Unable to locate a Java Runtime.
Please visit http://www.java.com for information on installing Java.

 (0.0s)
[534/645] CID000057537 (533): skipped (already done) (0.0s)
[535/645] CID000001134 (534): skipped (already done) (0.0s)
[536/645] CID000005746 (535): skipped (already done) (0.0s)
[537/645] CID000004727 (536): skipped (already done) (0.0s)
[538/645] CID000060612 (537): skipped (already done) (0.0s)
[539/645] CID000042113 (538): skipped (already done) (0.0s)
[540/645] CID005282044 (539): skipped (already done) (0.0s)
[541/645] CID000041774 (540): skipped (already done) (0.0s)
[542/645] CID000071158 (541): skipped (already done) (0.0s)
[543/645] CID000056339 (542): skipped (already done) (0.0s)
[544/645] CID000004739 (543): skipped (already done) (0.0s)
[545/645] CID000002727 (544): skipped (already done) (0.0s)
[546/645] CID000060198 (545): skipped (already done) (0.0s)
[547/645] CID000002725 (546): skipped (already done) (0.0s)
[548/645] CID000004893 (547): skipped (already done) (0.0s)
[549/645] CID000002673 (548): skipped (already done) (0.0s)
[550/645] CID000060787 (549): skipped (already done) (0.0s)
[551/645] CID000005486 (550): skipped (already done) (0.0s)
[552/645] CID000039860 (551): skipped (already done) (0.0s)
[553/645] CID000072938 (552): skipped (already done) (0.0s)
[554/645] CID000005454 (553): skipped (already done) (0.0s)
[555/645] CID000002719 (554): skipped (already done) (0.0s)
[556/645] CID000443871 (555): skipped (already done) (0.0s)
[557/645] CID000005593 (556): skipped (already done) (0.0s)
[558/645] CID000004140 (557): skipped (already done) (0.0s)
[559/645] CID000065027 (558): skipped (already done) (0.0s)
[560/645] CID000003730 (559): skipped (already done) (0.0s)
[561/645] CID000123631 (560): skipped (already done) (0.0s)
[562/645] CID000036811 (561): FAILED (code 1): The operation couldn’t be completed. Unable to locate a Java Runtime.
Please visit http://www.java.com for information on installing Java.

 (0.0s)
[563/645] CID000054786 (562): FAILED (code 1): The operation couldn’t be completed. Unable to locate a Java Runtime.
Please visit http://www.java.com for information on installing Java.

 (0.0s)
[564/645] CID000091270 (563): skipped (already done) (0.0s)
[565/645] CID000444013 (564): FAILED (code 1): The operation couldn’t be completed. Unable to locate a Java Runtime.
Please visit http://www.java.com for information on installing Java.

 (0.0s)
[566/645] CID000123606 (565): skipped (already done) (0.0s)
[567/645] CID000110634 (566): skipped (already done) (0.0s)
[568/645] CID000150310 (567): skipped (already done) (0.0s)
[569/645] CID000005515 (568): skipped (already done) (0.0s)
[570/645] CID000005530 (569): skipped (already done) (0.0s)
[571/645] CID000051263 (570): skipped (already done) (0.0s)
[572/645] CID004183806 (571): skipped (already done) (0.0s)
[573/645] CID000504578 (572): skipped (already done) (0.0s)
[574/645] CID005311039 (573): FAILED (code 1): The operation couldn’t be completed. Unable to locate a Java Runtime.
Please visit http://www.java.com for information on installing Java.

 (0.0s)
[575/645] CID000071273 (574): skipped (already done) (0.0s)
[576/645] CID000213039 (575): skipped (already done) (0.0s)
[577/645] CID000216326 (576): skipped (already done) (0.0s)
[578/645] CID000216239 (577): skipped (already done) (0.0s)
[579/645] CID000002170 (578): skipped (already done) (0.0s)
[580/645] CID000060871 (579): skipped (already done) (0.0s)
[581/645] CID000002370 (580): skipped (already done) (0.0s)
[582/645] CID000115237 (581): skipped (already done) (0.0s)
[583/645] CID000131536 (582): skipped (already done) (0.0s)
[584/645] CID000054547 (583): skipped (already done) (0.0s)
[585/645] CID000057469 (584): skipped (already done) (0.0s)
[586/645] CID000444033 (585): skipped (already done) (0.0s)
[587/645] CID000657298 (586): skipped (already done) (0.0s)
[588/645] CID000005721 (587): skipped (already done) (0.0s)
[589/645] CID000176168 (588): FAILED (code 1): The operation couldn’t be completed. Unable to locate a Java Runtime.
Please visit http://www.java.com for information on installing Java.

 (0.0s)
[590/645] CID005311048 (589): FAILED (code 1): The operation couldn’t be completed. Unable to locate a Java Runtime.
Please visit http://www.java.com for information on installing Java.

 (0.0s)
[591/645] CID000176870 (590): skipped (already done) (0.0s)
[592/645] CID000004645 (591): skipped (already done) (0.0s)
[593/645] CID000003637 (592): skipped (already done) (0.0s)
[594/645] CID000005070 (593): skipped (already done) (0.0s)
[595/645] CID000151165 (594): skipped (already done) (0.0s)
[596/645] CID000104741 (595): skipped (already done) (0.0s)
[597/645] CID000002349 (596): skipped (already done) (0.0s)
[598/645] CID000150610 (597): skipped (already done) (0.0s)
[599/645] CID003062316 (598): skipped (already done) (0.0s)
[600/645] CID000147912 (599): skipped (already done) (0.0s)
[601/645] CID005311181 (600): skipped (already done) (0.0s)
[602/645] CID000004913 (601): skipped (already done) (0.0s)
[603/645] CID000077992 (602): skipped (already done) (0.0s)
[604/645] CID000508230 (603): skipped (already done) (0.0s)
[605/645] CID005281007 (604): FAILED (code 1): The operation couldn’t be completed. Unable to locate a Java Runtime.
Please visit http://www.java.com for information on installing Java.

 (0.0s)
[606/645] CID000002551 (605): FAILED (code 1): The operation couldn’t be completed. Unable to locate a Java Runtime.
Please visit http://www.java.com for information on installing Java.

 (0.0s)
[607/645] CID001349907 (606): FAILED (code 1): The operation couldn’t be completed. Unable to locate a Java Runtime.
Please visit http://www.java.com for information on installing Java.

 (0.0s)
[608/645] CID005311027 (607): skipped (already done) (0.0s)
[609/645] CID000004011 (608): skipped (already done) (0.0s)
[610/645] CID000002232 (609): skipped (already done) (0.0s)
[611/645] CID000005052 (610): skipped (already done) (0.0s)
[612/645] CID000163742 (611): FAILED (code 1): The operation couldn’t be completed. Unable to locate a Java Runtime.
Please visit http://www.java.com for information on installing Java.

 (0.0s)
[613/645] CID000002182 (612): skipped (already done) (0.0s)
[614/645] CID000051634 (613): skipped (already done) (0.0s)
[615/645] CID000145068 (614): FAILED (code 1): The operation couldn’t be completed. Unable to locate a Java Runtime.
Please visit http://www.java.com for information on installing Java.

 (0.0s)
[616/645] CID005329102 (615): skipped (already done) (0.0s)
[617/645] CID005381226 (616): FAILED (code 1): The operation couldn’t be completed. Unable to locate a Java Runtime.
Please visit http://www.java.com for information on installing Java.

 (0.0s)
[618/645] CID006398525 (617): FAILED (code 1): The operation couldn’t be completed. Unable to locate a Java Runtime.
Please visit http://www.java.com for information on installing Java.

 (0.0s)
[619/645] CID005493444 (618): skipped (already done) (0.0s)
[620/645] CID005353980 (619): skipped (already done) (0.0s)
[621/645] CID005481350 (620): FAILED (code 1): The operation couldn’t be completed. Unable to locate a Java Runtime.
Please visit http://www.java.com for information on installing Java.

 (0.0s)
[622/645] CID006447131 (621): FAILED (code 1): The operation couldn’t be completed. Unable to locate a Java Runtime.
Please visit http://www.java.com for information on installing Java.

 (0.0s)
[623/645] CID006398970 (622): skipped (already done) (0.0s)
[624/645] CID005281104 (623): skipped (already done) (0.0s)
[625/645] CID005487301 (624): skipped (already done) (0.0s)
[626/645] CID005311082 (625): FAILED (code 1): The operation couldn’t be completed. Unable to locate a Java Runtime.
Please visit http://www.java.com for information on installing Java.

 (0.0s)
[627/645] CID006918453 (626): FAILED (code 1): The operation couldn’t be completed. Unable to locate a Java Runtime.
Please visit http://www.java.com for information on installing Java.

 (0.0s)
[628/645] CID005493381 (627): skipped (already done) (0.0s)
[629/645] CID004479097 (628): FAILED (code 1): The operation couldn’t be completed. Unable to locate a Java Runtime.
Please visit http://www.java.com for information on installing Java.

 (0.0s)
[630/645] CID005362070 (629): skipped (already done) (0.0s)
[631/645] CID005362420 (630): skipped (already done) (0.0s)
[632/645] CID006436173 (631): FAILED (code 1): The operation couldn’t be completed. Unable to locate a Java Runtime.
Please visit http://www.java.com for information on installing Java.

 (0.0s)
[633/645] CID000003384 (632): skipped (already done) (0.0s)
[634/645] CID006435110 (633): FAILED (code 1): The operation couldn’t be completed. Unable to locate a Java Runtime.
Please visit http://www.java.com for information on installing Java.

 (0.0s)
[635/645] CID004659569 (634): skipped (already done) (0.0s)
[636/645] CID000082146 (635): skipped (already done) (0.0s)
[637/645] CID000002266 (636): FAILED (code 1): The operation couldn’t be completed. Unable to locate a Java Runtime.
Please visit http://www.java.com for information on installing Java.

 (0.0s)
[638/645] CID005473385 (637): FAILED (code 1): The operation couldn’t be completed. Unable to locate a Java Runtime.
Please visit http://www.java.com for information on installing Java.

 (0.0s)
[639/645] CID000003562 (638): skipped (already done) (0.0s)
[640/645] CID000012620 (639): skipped (already done) (0.0s)
[641/645] CID000040976 (640): skipped (already done) (0.0s)
[642/645] CID000003381 (641): skipped (already done) (0.0s)
[643/645] CID003086258 (642): skipped (already done) (0.0s)
[644/645] CID009571074 (643): skipped (already done) (0.0s)
[645/645] CID000005482 (644): skipped (already done) (0.0s)

Done with individual runs. Merging into metabolites.csv ...
Wrote 82380 metabolite rows to bt_results/metabolites_merged.csv
